INSERT INTO `migrations` (`id`, `migration`, `batch`) VALUES ('1', '0001_01_01_000000_testbench_create_users_table', '1');
INSERT INTO `migrations` (`id`, `migration`, `batch`) VALUES ('2', '0001_01_01_000001_testbench_create_cache_table', '1');
INSERT INTO `migrations` (`id`, `migration`, `batch`) VALUES ('3', '0001_01_01_000002_testbench_create_jobs_table', '1');
INSERT INTO users (`id`, `name`, `email`, `email_verified_at`, `password`, `remember_token`, `created_at`, `updated_at`) VALUES ('1', 'Marcel1', 'marcel1@beyondco.de', NULL, 'test', NULL, '2021-01-01 00:00:00', '2021-01-01 00:00:00'), ('2', 'Marcel2', 'marcel2@beyondco.de', NULL, 'test', NULL, '2021-01-01 00:00:00', '2021-01-01 00:00:00'), ('3', 'Marcel3', 'marcel3@beyondco.de', NULL, 'test', NULL, '2021-01-01 00:00:00', '2021-01-01 00:00:00');
INSERT INTO users (`id`, `name`, `email`, `email_verified_at`, `password`, `remember_token`, `created_at`, `updated_at`) VALUES ('4', 'Marcel4', 'marcel4@beyondco.de', NULL, 'test', NULL, '2021-01-01 00:00:00', '2021-01-01 00:00:00'), ('5', 'Marcel5', 'marcel5@beyondco.de', NULL, 'test', NULL, '2021-01-01 00:00:00', '2021-01-01 00:00:00');
